// Jest Snapshot v1, https://goo.gl/fbAQLP

exports[`Footer component renders correctly snapshot 1`] = `
<footer
  className="footer container"
>
  <p>
    netflixroulette
  </p>
</footer>
`;
