// Jest Snapshot v1, https://goo.gl/fbAQLP

exports[`Logo component renders correctly snapshot 1`] = `
<h1
  className="logo"
>
  netfilxroulette
</h1>
`;
